[     105ms] [INFO] %cDownload the React DevTools for a better development experience: https://reactjs.org/link/react-devtools font-weight:bold @ http://localhost:8081/VAADIN/build/indexhtml-DZWNoq7A.js:23576
[     108ms] [WARNING] Lit is in dev mode. Not recommended for production! See https://lit.dev/msg/dev-mode for more information. @ http://localhost:8081/VAADIN/build/indexhtml-DZWNoq7A.js:30332
[ 1712019ms] [WARNING] Websocket closed, reason: Connection was closed abnormally (that is, with no close frame being sent). - wasClean: false @ http://localhost:8081/VAADIN/static/push/vaadinPush.js?v=bcf3f2450d36b51dd4b017d3a5a54a38a06e4edad9a5af25e827844b0fb11c17:3341
[ 1712021ms] [WARNING] Websocket closed, reason: Connection was closed abnormally (that is, with no close frame being sent). - wasClean: false @ http://localhost:8081/VAADIN/static/push/vaadinPush.js:3341
[ 7003873ms] [WARNING] Websocket closed, reason: Normal closure; the connection successfully completed whatever purpose for which it was created. - wasClean: true @ http://localhost:8081/VAADIN/static/push/vaadinPush.js?v=bcf3f2450d36b51dd4b017d3a5a54a38a06e4edad9a5af25e827844b0fb11c17:3341
[ 7004262ms] [INFO] %cDownload the React DevTools for a better development experience: https://reactjs.org/link/react-devtools font-weight:bold @ http://localhost:8081/VAADIN/build/indexhtml-DZWNoq7A.js:23576
[ 7004270ms] [WARNING] Lit is in dev mode. Not recommended for production! See https://lit.dev/msg/dev-mode for more information. @ http://localhost:8081/VAADIN/build/indexhtml-DZWNoq7A.js:30332
[ 8972010ms] [WARNING] Websocket closed, reason: The WebSocket session [9] idle timeout expired - wasClean: true @ http://localhost:8081/VAADIN/static/push/vaadinPush.js?v=bcf3f2450d36b51dd4b017d3a5a54a38a06e4edad9a5af25e827844b0fb11c17:3341
[ 8972011ms] [WARNING] Websocket closed, reason: The WebSocket session [8] idle timeout expired - wasClean: true @ http://localhost:8081/VAADIN/static/push/vaadinPush.js:3341
[14238774ms] [WARNING] Websocket closed, reason: The WebSocket session [a] idle timeout expired - wasClean: true @ http://localhost:8081/VAADIN/static/push/vaadinPush.js?v=bcf3f2450d36b51dd4b017d3a5a54a38a06e4edad9a5af25e827844b0fb11c17:3341
[14238774ms] [WARNING] Websocket closed, reason: The WebSocket session [b] idle timeout expired - wasClean: true @ http://localhost:8081/VAADIN/static/push/vaadinPush.js:3341
[19537123ms] [WARNING] Websocket closed, reason: The WebSocket session [c] idle timeout expired - wasClean: true @ http://localhost:8081/VAADIN/static/push/vaadinPush.js?v=bcf3f2450d36b51dd4b017d3a5a54a38a06e4edad9a5af25e827844b0fb11c17:3341
[19537125ms] [WARNING] Websocket closed, reason: The WebSocket session [d] idle timeout expired - wasClean: true @ http://localhost:8081/VAADIN/static/push/vaadinPush.js:3341
[20553247ms] [WARNING] Websocket closed, reason: The WebSocket session [e] idle timeout expired - wasClean: true @ http://localhost:8081/VAADIN/static/push/vaadinPush.js?v=bcf3f2450d36b51dd4b017d3a5a54a38a06e4edad9a5af25e827844b0fb11c17:3341
[20553248ms] [WARNING] Websocket closed, reason: The WebSocket session [f] idle timeout expired - wasClean: true @ http://localhost:8081/VAADIN/static/push/vaadinPush.js:3341
[23105746ms] [WARNING] Websocket closed, reason: The WebSocket session [11] idle timeout expired - wasClean: true @ http://localhost:8081/VAADIN/static/push/vaadinPush.js:3341
[23105747ms] [WARNING] Websocket closed, reason: The WebSocket session [10] idle timeout expired - wasClean: true @ http://localhost:8081/VAADIN/static/push/vaadinPush.js?v=bcf3f2450d36b51dd4b017d3a5a54a38a06e4edad9a5af25e827844b0fb11c17:3341
[30365975ms] [WARNING] Websocket closed, reason: The WebSocket session [12] idle timeout expired - wasClean: true @ http://localhost:8081/VAADIN/static/push/vaadinPush.js:3341
[30365976ms] [WARNING] Websocket closed, reason: The WebSocket session [13] idle timeout expired - wasClean: true @ http://localhost:8081/VAADIN/static/push/vaadinPush.js?v=bcf3f2450d36b51dd4b017d3a5a54a38a06e4edad9a5af25e827844b0fb11c17:3341
[37684632ms] [WARNING] Websocket closed, reason: The WebSocket session [14] idle timeout expired - wasClean: true @ http://localhost:8081/VAADIN/static/push/vaadinPush.js:3341
[37684633ms] [WARNING] Websocket closed, reason: The WebSocket session [15] idle timeout expired - wasClean: true @ http://localhost:8081/VAADIN/static/push/vaadinPush.js?v=bcf3f2450d36b51dd4b017d3a5a54a38a06e4edad9a5af25e827844b0fb11c17:3341
[39667086ms] [WARNING] Websocket closed, reason: The WebSocket session [16] idle timeout expired - wasClean: true @ http://localhost:8081/VAADIN/static/push/vaadinPush.js:3341
[39667087ms] [WARNING] Websocket closed, reason: The WebSocket session [17] idle timeout expired - wasClean: true @ http://localhost:8081/VAADIN/static/push/vaadinPush.js?v=bcf3f2450d36b51dd4b017d3a5a54a38a06e4edad9a5af25e827844b0fb11c17:3341
[39774191ms] [ERROR] Failed to load resource: the server responded with a status of 403 () @ http://localhost:8081/?v-r=heartbeat&v-uiId=0:0
[39774192ms] [WARNING] Heartbeat request returned 403 @ http://localhost:8081/VAADIN/build/FlowClient-DbXxnb1k.js:779
[39774275ms] [INFO] %cDownload the React DevTools for a better development experience: https://reactjs.org/link/react-devtools font-weight:bold @ http://localhost:8081/VAADIN/build/indexhtml-DZWNoq7A.js:23576
[39774279ms] [WARNING] Lit is in dev mode. Not recommended for production! See https://lit.dev/msg/dev-mode for more information. @ http://localhost:8081/VAADIN/build/indexhtml-DZWNoq7A.js:30332
[45701136ms] [INFO] Autofocus processing was blocked because a document already has a focused element. @ http://localhost:8081/check-analytics:0
